------------------------------------------------------------
TimeQuest Timing Analyzer Summary
------------------------------------------------------------

Type  : Slow 1200mV 85C Model Setup 'clk'
Slack : -3.121
TNS   : -62.286

Type  : Slow 1200mV 85C Model Setup 'spi_pi_fpga:spi_pi_fpga|cnt[0]'
Slack : -2.633
TNS   : -35.426

Type  : Slow 1200mV 85C Model Setup 'keypad:keypad|oscillator:slw|k[31]'
Slack : -1.943
TNS   : -8.677

Type  : Slow 1200mV 85C Model Setup 'sck'
Slack : -1.336
TNS   : -9.453

Type  : Slow 1200mV 85C Model Hold 'spi_pi_fpga:spi_pi_fpga|cnt[0]'
Slack : -0.937
TNS   : -1.411

Type  : Slow 1200mV 85C Model Hold 'sck'
Slack : -0.272
TNS   : -0.487

Type  : Slow 1200mV 85C Model Hold 'clk'
Slack : 0.057
TNS   : 0.000

Type  : Slow 1200mV 85C Model Hold 'keypad:keypad|oscillator:slw|k[31]'
Slack : 0.512
TNS   : 0.000

Type  : Slow 1200mV 85C Model Minimum Pulse Width 'spi_pi_fpga:spi_pi_fpga|cnt[0]'
Slack : -3.201
TNS   : -58.549

Type  : Slow 1200mV 85C Model Minimum Pulse Width 'clk'
Slack : -3.000
TNS   : -50.584

Type  : Slow 1200mV 85C Model Minimum Pulse Width 'sck'
Slack : -3.000
TNS   : -20.844

Type  : Slow 1200mV 85C Model Minimum Pulse Width 'keypad:keypad|oscillator:slw|k[31]'
Slack : -1.487
TNS   : -13.383

Type  : Slow 1200mV 0C Model Setup 'clk'
Slack : -2.649
TNS   : -51.911

Type  : Slow 1200mV 0C Model Setup 'spi_pi_fpga:spi_pi_fpga|cnt[0]'
Slack : -2.303
TNS   : -29.750

Type  : Slow 1200mV 0C Model Setup 'keypad:keypad|oscillator:slw|k[31]'
Slack : -1.718
TNS   : -7.484

Type  : Slow 1200mV 0C Model Setup 'sck'
Slack : -1.017
TNS   : -7.152

Type  : Slow 1200mV 0C Model Hold 'spi_pi_fpga:spi_pi_fpga|cnt[0]'
Slack : -0.949
TNS   : -1.327

Type  : Slow 1200mV 0C Model Hold 'sck'
Slack : -0.284
TNS   : -0.466

Type  : Slow 1200mV 0C Model Hold 'clk'
Slack : 0.173
TNS   : 0.000

Type  : Slow 1200mV 0C Model Hold 'keypad:keypad|oscillator:slw|k[31]'
Slack : 0.473
TNS   : 0.000

Type  : Slow 1200mV 0C Model Minimum Pulse Width 'spi_pi_fpga:spi_pi_fpga|cnt[0]'
Slack : -3.201
TNS   : -58.868

Type  : Slow 1200mV 0C Model Minimum Pulse Width 'clk'
Slack : -3.000
TNS   : -50.584

Type  : Slow 1200mV 0C Model Minimum Pulse Width 'sck'
Slack : -3.000
TNS   : -20.844

Type  : Slow 1200mV 0C Model Minimum Pulse Width 'keypad:keypad|oscillator:slw|k[31]'
Slack : -1.487
TNS   : -13.383

Type  : Fast 1200mV 0C Model Setup 'clk'
Slack : -0.828
TNS   : -10.100

Type  : Fast 1200mV 0C Model Setup 'sck'
Slack : -0.798
TNS   : -4.786

Type  : Fast 1200mV 0C Model Setup 'spi_pi_fpga:spi_pi_fpga|cnt[0]'
Slack : -0.338
TNS   : -2.262

Type  : Fast 1200mV 0C Model Setup 'keypad:keypad|oscillator:slw|k[31]'
Slack : -0.233
TNS   : -0.932

Type  : Fast 1200mV 0C Model Hold 'sck'
Slack : -0.482
TNS   : -1.330

Type  : Fast 1200mV 0C Model Hold 'spi_pi_fpga:spi_pi_fpga|cnt[0]'
Slack : -0.217
TNS   : -0.217

Type  : Fast 1200mV 0C Model Hold 'clk'
Slack : -0.117
TNS   : -0.117

Type  : Fast 1200mV 0C Model Hold 'keypad:keypad|oscillator:slw|k[31]'
Slack : 0.205
TNS   : 0.000

Type  : Fast 1200mV 0C Model Minimum Pulse Width 'clk'
Slack : -3.000
TNS   : -37.180

Type  : Fast 1200mV 0C Model Minimum Pulse Width 'sck'
Slack : -3.000
TNS   : -16.970

Type  : Fast 1200mV 0C Model Minimum Pulse Width 'spi_pi_fpga:spi_pi_fpga|cnt[0]'
Slack : -1.000
TNS   : -29.000

Type  : Fast 1200mV 0C Model Minimum Pulse Width 'keypad:keypad|oscillator:slw|k[31]'
Slack : -1.000
TNS   : -9.000

------------------------------------------------------------
