------------------------------------------------------------
TimeQuest Timing Analyzer Summary
------------------------------------------------------------

Type  : Slow 1200mV 85C Model Setup 'clk'
Slack : -3.369
TNS   : -67.026

Type  : Slow 1200mV 85C Model Setup 'keypad:keypad|oscillator:slw|k[31]'
Slack : -2.081
TNS   : -9.117

Type  : Slow 1200mV 85C Model Setup 'sck'
Slack : -1.297
TNS   : -9.069

Type  : Slow 1200mV 85C Model Setup 'spi_pi_fpga:spi_pi_fpga|cnt[0]'
Slack : -1.290
TNS   : -10.203

Type  : Slow 1200mV 85C Model Hold 'spi_pi_fpga:spi_pi_fpga|cnt[0]'
Slack : -0.272
TNS   : -1.338

Type  : Slow 1200mV 85C Model Hold 'sck'
Slack : -0.168
TNS   : -0.305

Type  : Slow 1200mV 85C Model Hold 'clk'
Slack : 0.058
TNS   : 0.000

Type  : Slow 1200mV 85C Model Hold 'keypad:keypad|oscillator:slw|k[31]'
Slack : 0.511
TNS   : 0.000

Type  : Slow 1200mV 85C Model Minimum Pulse Width 'clk'
Slack : -3.000
TNS   : -50.584

Type  : Slow 1200mV 85C Model Minimum Pulse Width 'sck'
Slack : -3.000
TNS   : -20.844

Type  : Slow 1200mV 85C Model Minimum Pulse Width 'spi_pi_fpga:spi_pi_fpga|cnt[0]'
Slack : -1.487
TNS   : -25.279

Type  : Slow 1200mV 85C Model Minimum Pulse Width 'keypad:keypad|oscillator:slw|k[31]'
Slack : -1.487
TNS   : -13.383

Type  : Slow 1200mV 0C Model Setup 'clk'
Slack : -2.905
TNS   : -57.423

Type  : Slow 1200mV 0C Model Setup 'keypad:keypad|oscillator:slw|k[31]'
Slack : -1.818
TNS   : -7.798

Type  : Slow 1200mV 0C Model Setup 'spi_pi_fpga:spi_pi_fpga|cnt[0]'
Slack : -1.119
TNS   : -8.340

Type  : Slow 1200mV 0C Model Setup 'sck'
Slack : -1.016
TNS   : -7.094

Type  : Slow 1200mV 0C Model Hold 'sck'
Slack : -0.193
TNS   : -0.291

Type  : Slow 1200mV 0C Model Hold 'spi_pi_fpga:spi_pi_fpga|cnt[0]'
Slack : -0.161
TNS   : -0.646

Type  : Slow 1200mV 0C Model Hold 'clk'
Slack : 0.169
TNS   : 0.000

Type  : Slow 1200mV 0C Model Hold 'keypad:keypad|oscillator:slw|k[31]'
Slack : 0.471
TNS   : 0.000

Type  : Slow 1200mV 0C Model Minimum Pulse Width 'clk'
Slack : -3.000
TNS   : -50.584

Type  : Slow 1200mV 0C Model Minimum Pulse Width 'sck'
Slack : -3.000
TNS   : -20.844

Type  : Slow 1200mV 0C Model Minimum Pulse Width 'spi_pi_fpga:spi_pi_fpga|cnt[0]'
Slack : -1.487
TNS   : -25.279

Type  : Slow 1200mV 0C Model Minimum Pulse Width 'keypad:keypad|oscillator:slw|k[31]'
Slack : -1.487
TNS   : -13.383

Type  : Fast 1200mV 0C Model Setup 'clk'
Slack : -0.904
TNS   : -11.737

Type  : Fast 1200mV 0C Model Setup 'sck'
Slack : -0.752
TNS   : -4.664

Type  : Fast 1200mV 0C Model Setup 'keypad:keypad|oscillator:slw|k[31]'
Slack : -0.331
TNS   : -1.324

Type  : Fast 1200mV 0C Model Setup 'spi_pi_fpga:spi_pi_fpga|cnt[0]'
Slack : 0.013
TNS   : 0.000

Type  : Fast 1200mV 0C Model Hold 'sck'
Slack : -0.611
TNS   : -1.418

Type  : Fast 1200mV 0C Model Hold 'clk'
Slack : -0.051
TNS   : -0.051

Type  : Fast 1200mV 0C Model Hold 'spi_pi_fpga:spi_pi_fpga|cnt[0]'
Slack : 0.069
TNS   : 0.000

Type  : Fast 1200mV 0C Model Hold 'keypad:keypad|oscillator:slw|k[31]'
Slack : 0.210
TNS   : 0.000

Type  : Fast 1200mV 0C Model Minimum Pulse Width 'clk'
Slack : -3.000
TNS   : -37.156

Type  : Fast 1200mV 0C Model Minimum Pulse Width 'sck'
Slack : -3.000
TNS   : -17.058

Type  : Fast 1200mV 0C Model Minimum Pulse Width 'spi_pi_fpga:spi_pi_fpga|cnt[0]'
Slack : -1.000
TNS   : -17.000

Type  : Fast 1200mV 0C Model Minimum Pulse Width 'keypad:keypad|oscillator:slw|k[31]'
Slack : -1.000
TNS   : -9.000

------------------------------------------------------------
