------------------------------------------------------------
TimeQuest Timing Analyzer Summary
------------------------------------------------------------

Type  : Slow 1200mV 85C Model Setup 'clk'
Slack : -3.306
TNS   : -65.115

Type  : Slow 1200mV 85C Model Setup 'keypad:keypad|oscillator:slw|k[31]'
Slack : -2.065
TNS   : -9.342

Type  : Slow 1200mV 85C Model Setup 'sck'
Slack : -1.376
TNS   : -8.960

Type  : Slow 1200mV 85C Model Setup 'spi_pi_fpga:spi_pi_fpga|cnt[0]'
Slack : -1.291
TNS   : -10.192

Type  : Slow 1200mV 85C Model Hold 'sck'
Slack : -0.399
TNS   : -1.076

Type  : Slow 1200mV 85C Model Hold 'spi_pi_fpga:spi_pi_fpga|cnt[0]'
Slack : -0.003
TNS   : -0.007

Type  : Slow 1200mV 85C Model Hold 'clk'
Slack : 0.045
TNS   : 0.000

Type  : Slow 1200mV 85C Model Hold 'keypad:keypad|oscillator:slw|k[31]'
Slack : 0.528
TNS   : 0.000

Type  : Slow 1200mV 85C Model Minimum Pulse Width 'clk'
Slack : -3.000
TNS   : -50.584

Type  : Slow 1200mV 85C Model Minimum Pulse Width 'sck'
Slack : -3.000
TNS   : -20.844

Type  : Slow 1200mV 85C Model Minimum Pulse Width 'spi_pi_fpga:spi_pi_fpga|cnt[0]'
Slack : -1.487
TNS   : -25.279

Type  : Slow 1200mV 85C Model Minimum Pulse Width 'keypad:keypad|oscillator:slw|k[31]'
Slack : -1.487
TNS   : -13.383

Type  : Slow 1200mV 0C Model Setup 'clk'
Slack : -2.839
TNS   : -55.407

Type  : Slow 1200mV 0C Model Setup 'keypad:keypad|oscillator:slw|k[31]'
Slack : -1.810
TNS   : -8.066

Type  : Slow 1200mV 0C Model Setup 'spi_pi_fpga:spi_pi_fpga|cnt[0]'
Slack : -1.118
TNS   : -8.323

Type  : Slow 1200mV 0C Model Setup 'sck'
Slack : -1.061
TNS   : -6.838

Type  : Slow 1200mV 0C Model Hold 'sck'
Slack : -0.383
TNS   : -0.986

Type  : Slow 1200mV 0C Model Hold 'spi_pi_fpga:spi_pi_fpga|cnt[0]'
Slack : 0.096
TNS   : 0.000

Type  : Slow 1200mV 0C Model Hold 'clk'
Slack : 0.159
TNS   : 0.000

Type  : Slow 1200mV 0C Model Hold 'keypad:keypad|oscillator:slw|k[31]'
Slack : 0.494
TNS   : 0.000

Type  : Slow 1200mV 0C Model Minimum Pulse Width 'clk'
Slack : -3.000
TNS   : -50.584

Type  : Slow 1200mV 0C Model Minimum Pulse Width 'sck'
Slack : -3.000
TNS   : -20.844

Type  : Slow 1200mV 0C Model Minimum Pulse Width 'spi_pi_fpga:spi_pi_fpga|cnt[0]'
Slack : -1.487
TNS   : -26.747

Type  : Slow 1200mV 0C Model Minimum Pulse Width 'keypad:keypad|oscillator:slw|k[31]'
Slack : -1.487
TNS   : -13.383

Type  : Fast 1200mV 0C Model Setup 'clk'
Slack : -0.886
TNS   : -11.233

Type  : Fast 1200mV 0C Model Setup 'sck'
Slack : -0.803
TNS   : -4.848

Type  : Fast 1200mV 0C Model Setup 'keypad:keypad|oscillator:slw|k[31]'
Slack : -0.318
TNS   : -1.272

Type  : Fast 1200mV 0C Model Setup 'spi_pi_fpga:spi_pi_fpga|cnt[0]'
Slack : 0.015
TNS   : 0.000

Type  : Fast 1200mV 0C Model Hold 'sck'
Slack : -0.698
TNS   : -1.776

Type  : Fast 1200mV 0C Model Hold 'clk'
Slack : -0.087
TNS   : -0.087

Type  : Fast 1200mV 0C Model Hold 'spi_pi_fpga:spi_pi_fpga|cnt[0]'
Slack : 0.186
TNS   : 0.000

Type  : Fast 1200mV 0C Model Hold 'keypad:keypad|oscillator:slw|k[31]'
Slack : 0.206
TNS   : 0.000

Type  : Fast 1200mV 0C Model Minimum Pulse Width 'clk'
Slack : -3.000
TNS   : -37.196

Type  : Fast 1200mV 0C Model Minimum Pulse Width 'sck'
Slack : -3.000
TNS   : -17.418

Type  : Fast 1200mV 0C Model Minimum Pulse Width 'spi_pi_fpga:spi_pi_fpga|cnt[0]'
Slack : -1.000
TNS   : -17.000

Type  : Fast 1200mV 0C Model Minimum Pulse Width 'keypad:keypad|oscillator:slw|k[31]'
Slack : -1.000
TNS   : -9.000

------------------------------------------------------------
